Warning[w6]: Type conflict for external/entry "sprintf", in module adc against external/entry in module ?sprintf; prototyped function vs K&R function
  /* In module adc: */
  /* K&R Function, args 0, attr 0 */
  int (__xdata_reentrant sprintf)();
  /* In module ?sprintf: */
  /* Function, args 3, attr 0 */
  int (__xdata_reentrant sprintf)(char *,
                                  char const *,
                                  ...);
################################################################################
#                                                                              #
#      IAR Universal Linker V6.5.2.97                                          #
#                                                                              #
#           Link time     =  28/Nov/2022  08:47:07                             #
#           Target CPU    =  x51                                               #
#           List file     =  D:\Ñ§Ï°\¾ºÈü\2022µÍÌ¼\swreV0\swre\swreÔ­°æ\swre\i #
#                            de\srf05_cc2530\iar\temp\per_test.map             #
#           Output file 1 =  D:\Ñ§Ï°\¾ºÈü\2022µÍÌ¼\swreV0\swre\swreÔ­°æ\swre\i #
#                            de\srf05_cc2530\iar\per_test.hex                  #
#                            Format: intel-extended                            #
#           Output file 2 =  D:\Ñ§Ï°\¾ºÈü\2022µÍÌ¼\swreV0\swre\swreÔ­°æ\swre\i #
#                            de\srf05_cc2530\iar\per_test.d51                  #
#                            Format: ubrof10                                   #
#                            UBROF version 10.0.6                              #
#                            Using library modules for C-SPY (-rt)             #
#           Command line  =  -f C:\Users\jikej\AppData\Local\Temp\EW38DC.tmp   #
#                            (D:\Ñ§Ï°\¾ºÈü\2022µÍÌ¼\swreV0\swre\swreÔ­°æ\swre\ #
#                            ide\srf05_cc2530\iar\temp\per_test\adc.r51        #
#                            D:\Ñ§Ï°\¾ºÈü\2022µÍÌ¼\swreV0\swre\swreÔ­°æ\swre\i #
#                            de\srf05_cc2530\iar\temp\per_test\basic_rf.r51    #
#                            D:\Ñ§Ï°\¾ºÈü\2022µÍÌ¼\swreV0\swre\swreÔ­°æ\swre\i #
#                            de\srf05_cc2530\iar\temp\per_test\clock.r51       #
#                            D:\Ñ§Ï°\¾ºÈü\2022µÍÌ¼\swreV0\swre\swreÔ­°æ\swre\i #
#                            de\srf05_cc2530\iar\temp\per_test\hal_assert.r51  #
#                            D:\Ñ§Ï°\¾ºÈü\2022µÍÌ¼\swreV0\swre\swreÔ­°æ\swre\i #
#                            de\srf05_cc2530\iar\temp\per_test\hal_board.r51   #
#                            D:\Ñ§Ï°\¾ºÈü\2022µÍÌ¼\swreV0\swre\swreÔ­°æ\swre\i #
#                            de\srf05_cc2530\iar\temp\per_test\hal_button.r51  #
#                            D:\Ñ§Ï°\¾ºÈü\2022µÍÌ¼\swreV0\swre\swreÔ­°æ\swre\i #
#                            de\srf05_cc2530\iar\temp\per_test\hal_digio.r51   #
#                            D:\Ñ§Ï°\¾ºÈü\2022µÍÌ¼\swreV0\swre\swreÔ­°æ\swre\i #
#                            de\srf05_cc2530\iar\temp\per_test\hal_int.r51     #
#                            D:\Ñ§Ï°\¾ºÈü\2022µÍÌ¼\swreV0\swre\swreÔ­°æ\swre\i #
#                            de\srf05_cc2530\iar\temp\per_test\hal_joystick.r5 #
#                            1                                                 #
#                            D:\Ñ§Ï°\¾ºÈü\2022µÍÌ¼\swreV0\swre\swreÔ­°æ\swre\i #
#                            de\srf05_cc2530\iar\temp\per_test\hal_lcd_srf05.r #
#                            51                                                #
#                            D:\Ñ§Ï°\¾ºÈü\2022µÍÌ¼\swreV0\swre\swreÔ­°æ\swre\i #
#                            de\srf05_cc2530\iar\temp\per_test\hal_led.r51     #
#                            D:\Ñ§Ï°\¾ºÈü\2022µÍÌ¼\swreV0\swre\swreÔ­°æ\swre\i #
#                            de\srf05_cc2530\iar\temp\per_test\hal_mcu.r51     #
#                            D:\Ñ§Ï°\¾ºÈü\2022µÍÌ¼\swreV0\swre\swreÔ­°æ\swre\i #
#                            de\srf05_cc2530\iar\temp\per_test\hal_rf.r51      #
#                            D:\Ñ§Ï°\¾ºÈü\2022µÍÌ¼\swreV0\swre\swreÔ­°æ\swre\i #
#                            de\srf05_cc2530\iar\temp\per_test\hal_timer_32k.r #
#                            51                                                #
#                            D:\Ñ§Ï°\¾ºÈü\2022µÍÌ¼\swreV0\swre\swreÔ­°æ\swre\i #
#                            de\srf05_cc2530\iar\temp\per_test\per_test.r51    #
#                            D:\Ñ§Ï°\¾ºÈü\2022µÍÌ¼\swreV0\swre\swreÔ­°æ\swre\i #
#                            de\srf05_cc2530\iar\temp\per_test\per_test_menu.r #
#                            51                                                #
#                            D:\Ñ§Ï°\¾ºÈü\2022µÍÌ¼\swreV0\swre\swreÔ­°æ\swre\i #
#                            de\srf05_cc2530\iar\temp\per_test\util.r51        #
#                            D:\Ñ§Ï°\¾ºÈü\2022µÍÌ¼\swreV0\swre\swreÔ­°æ\swre\i #
#                            de\srf05_cc2530\iar\temp\per_test\util_buffer.r51 #
#                            D:\Ñ§Ï°\¾ºÈü\2022µÍÌ¼\swreV0\swre\swreÔ­°æ\swre\i #
#                            de\srf05_cc2530\iar\temp\per_test\util_lcd.r51    #
#                            -o                                                #
#                            D:\Ñ§Ï°\¾ºÈü\2022µÍÌ¼\swreV0\swre\swreÔ­°æ\swre\i #
#                            de\srf05_cc2530\iar\per_test.d51                  #
#                            -l                                                #
#                            D:\Ñ§Ï°\¾ºÈü\2022µÍÌ¼\swreV0\swre\swreÔ­°æ\swre\i #
#                            de\srf05_cc2530\iar\temp\per_test.map             #
#                            -xmsn -IC:\iar\8051\LIB\ -f                       #
#                            "C:\iar\8051\config\devices\Texas Instruments\lnk #
#                            51ew_cc2530F256_banked.xcl"                       #
#                            (-D_IDATA0_START=0x00 -D_IDATA0_END=0xFF          #
#                            -D_PDATA0_START=0x1E00 -D_PDATA0_END=0x1EFF       #
#                            -D_IXDATA0_START=0x0001 -D_IXDATA0_END=0x1EFF     #
#                            -D_XDATA0_START=_IXDATA0_START                    #
#                            -D_XDATA0_END=_IXDATA0_END                        #
#                            -D_NEAR_CODE_START=0x0000                         #
#                            -D_FIRST_BANK_ADDR=0x10000 -D?REGISTER_BANK=0x0   #
#                            -D_REGISTER_BANK_START=0x0 -D_BREG_START=0x00     #
#                            -D?VB=0x20 -Z(BIT)BREG=_BREG_START                #
#                            -Z(BIT)BIT_N=0-7F                                 #
#                            -Z(DATA)REGISTERS+8=_REGISTER_BANK_START          #
#                            -Z(DATA)BDATA_Z,BDATA_N,BDATA_I=20-2F             #
#                            -Z(DATA)VREG=08-7F -Z(DATA)PSP,XSP=08-7F          #
#                            -Z(DATA)DOVERLAY=08-7F                            #
#                            -Z(DATA)DATA_I,DATA_Z,DATA_N=08-7F                #
#                            -U(IDATA)0-7F=(DATA)0-7F                          #
#                            -Z(IDATA)IDATA_I,IDATA_Z,IDATA_N=08-_IDATA0_END   #
#                            -Z(IDATA)ISTACK+_IDATA_STACK_SIZE#08-_IDATA0_END  #
#                            -Z(IDATA)IOVERLAY=08-FF -Z(CODE)INTVEC=0          #
#                            -Z(CODE)CSTART=_NEAR_CODE_START-(_CODEBANK_START- #
#                            1)                                                #
#                            -Z(CODE)BIT_ID,BDATA_ID,DATA_ID,IDATA_ID,IXDATA_I #
#                            D,PDATA_ID,XDATA_ID=_NEAR_CODE_START-(_CODEBANK_S #
#                            TART-1)                                           #
#                            -Z(CODE)BANK_RELAYS,RCODE,DIFUNCT,CODE_C,CODE_N,N #
#                            EAR_CODE=_NEAR_CODE_START-(_CODEBANK_START-1)     #
#                            -P(CODE)BANKED_CODE=_NEAR_CODE_START-(_CODEBANK_S #
#                            TART-1),[(_CODEBANK_START+_FIRST_BANK_ADDR)-(_COD #
#                            EBANK_END+_FIRST_BANK_ADDR)]*_NR_OF_BANKS+10000   #
#                            -Z(CODE)CHECKSUM#(_CODEBANK_START-1)              #
#                            -Z(XDATA)PDATA_Z,PDATA_I=_PDATA0_START-_PDATA0_EN #
#                            D                                                 #
#                            -P(XDATA)PDATA_N=_PDATA0_START-_PDATA0_END        #
#                            -Z(XDATA)PSTACK+_PDATA_STACK_SIZE=_PDATA0_START-_ #
#                            PDATA0_END                                        #
#                            -Z(XDATA)EXT_STACK+_EXTENDED_STACK_SIZE=_EXTENDED #
#                            _STACK_START                                      #
#                            -Z(XDATA)XSTACK+_XDATA_STACK_SIZE=_XDATA0_START-_ #
#                            XDATA0_END                                        #
#                            -Z(XDATA)IXDATA_Z,IXDATA_I=_IXDATA0_START-_IXDATA #
#                            0_END                                             #
#                            -P(XDATA)IXDATA_N=_IXDATA0_START-_IXDATA0_END     #
#                            -Z(XDATA)XDATA_Z,XDATA_I=_XDATA0_START-_XDATA0_EN #
#                            D                                                 #
#                            -P(XDATA)XDATA_N=_XDATA0_START-_XDATA0_END        #
#                            -Z(XDATA)XDATA_HEAP+_XDATA_HEAP_SIZE=_XDATA0_STAR #
#                            T-_XDATA0_END                                     #
#                            -Z(CONST)XDATA_ROM_C=_XDATA0_START-_XDATA0_END    #
#                            -cx51                                             #
#                            -M(CODE)[(_CODEBANK_START+_FIRST_BANK_ADDR)-(_COD #
#                            EBANK_END+_FIRST_BANK_ADDR)]*_NR_OF_BANKS+0x10000 #
#                            =0x8000                                           #
#                            -ww69=i -D_BANK0_START=0x00000                    #
#                            -D_BANK0_END=0x07FFF -D_BANK1_START=0x18000       #
#                            -D_BANK1_END=0x1FFFF -D_BANK2_START=0x28000       #
#                            -D_BANK2_END=0x2FFFF -D_BANK3_START=0x38000       #
#                            -D_BANK3_END=0x3FFFF -D_BANK4_START=0x48000       #
#                            -D_BANK4_END=0x4FFFF -D_BANK5_START=0x58000       #
#                            -D_BANK5_END=0x5FFFF -D_BANK6_START=0x68000       #
#                            -D_BANK6_END=0x6FFFF -D_BANK7_START=0x78000       #
#                            -D_BANK7_END=0x7FFFF                              #
#                            -P(CODE)BANK0=_BANK0_START-_BANK0_END             #
#                            -P(CODE)BANK1=_BANK1_START-_BANK1_END             #
#                            -P(CODE)BANK2=_BANK2_START-_BANK2_END             #
#                            -P(CODE)BANK3=_BANK3_START-_BANK3_END             #
#                            -P(CODE)BANK4=_BANK4_START-_BANK4_END             #
#                            -P(CODE)BANK5=_BANK5_START-_BANK5_END             #
#                            -P(CODE)BANK6=_BANK6_START-_BANK6_END             #
#                            -P(CODE)BANK7=_BANK7_START-_BANK7_END             #
#                            -D_FLASH_LOCK_BITS_START=0x7FFF0                  #
#                            -D_FLASH_LOCK_BITS_END=0x7FFFF                    #
#                            -Z(CODE)FLASH_LOCK_BITS=_FLASH_LOCK_BITS_START-_F #
#                            LASH_LOCK_BITS_END                                #
#                            -U(CODE)0x0000=(CODE)_FLASH_LOCK_BITS_START-_FLAS #
#                            H_LOCK_BITS_END)                                  #
#                            -D?CBANK=0x9F -D?CBANK_MASK=0xFF                  #
#                            -e?BCALL_FF=?BCALL -e?BRET_FF=?BRET               #
#                            -e?BDISPATCH_FF=?BDISPATCH                        #
#                            -D_CODEBANK_START=0x8000 -D_CODEBANK_END=0xFFFF   #
#                            -D_NR_OF_BANKS=0x07 -IC:\iar\8051\CONFIG\         #
#                            -D_NR_OF_VIRTUAL_REGISTERS=8 -D?PBANK=0x93        #
#                            -e_medium_write=_formatted_write                  #
#                            -e_medium_read=_formatted_read -rt                #
#                            -Ointel-extended=D:\Ñ§Ï°\¾ºÈü\2022µÍÌ¼\swreV0\swr #
#                            e\swreÔ­°æ\swre\ide\srf05_cc2530\iar\per_test.hex #
#                            -s __program_start                                #
#                            C:\iar\8051\LIB\CLIB\cl-pli-blxd-1e16x01.r51      #
#                            -D_IDATA_STACK_SIZE=0x40 -D?ESP=0 -D?ESP_MASK=0   #
#                            -D_EXTENDED_STACK_START=0                         #
#                            -D_EXTENDED_STACK_SIZE=0                          #
#                            -D_PDATA_STACK_SIZE=0x80                          #
#                            -D_XDATA_STACK_SIZE=0x100                         #
#                            -D_XDATA_HEAP_SIZE=0xFF -D_FAR_HEAP_SIZE=0xFFF    #
#                            -D_HUGE_HEAP_SIZE=0xFFF                           #
#                            -D_FAR22_HEAP_SIZE=0xFFF)                         #
#                                                                              #
#                           Copyright (C) 1987-2017 IAR Systems AB.            #
################################################################################





                ****************************************
                *                                      *
                *           CROSS REFERENCE            *
                *                                      *
                ****************************************

       Program entry at : CODE      000000D7  Relocatable, from module : CSTARTUP




                ****************************************
                *                                      *
                *            RUNTIME MODEL             *
                *                                      *
                ****************************************

  __SystemLibrary          = CLib
  __calling_convention     = xdata_reentrant
  __code_model             = banked
  __core                   = plain
  __data_model             = large
  __dptr_size              = 16
  __extended_stack         = disabled
  __location_for_constants = data
  __number_of_dptrs        = 1
  __register_banks         = *
  __rt_version             = 1

                ****************************************
                *                                      *
                *    AUTOMATIC SYMBOL REDIRECTIONS     *
                *                                      *
                ****************************************

                  There are no automatic symbol redirections.



                ****************************************
                *                                      *
                *              MODULE MAP              *
                *                                      *
                ****************************************


  DEFINED ABSOLUTE ENTRIES
    *************************************************************************

  DEFINED ABSOLUTE ENTRIES
  PROGRAM MODULE, NAME : ?ABS_ENTRY_MOD

Absolute parts
           ENTRY                   ADDRESS         REF BY
           =====                   =======         ======
           _FAR22_HEAP_SIZE        00000FFF 
           _HUGE_HEAP_SIZE         00000FFF 
           _FAR_HEAP_SIZE          00000FFF 
           _XDATA_HEAP_SIZE        000000FF 
           _XDATA_STACK_SIZE       00000100 
           _PDATA_STACK_SIZE       00000080 
           _EXTENDED_STACK_SIZE    00000000 
           _EXTENDED_STACK_START   00000000 
           ?ESP_MASK               00000000 
           ?ESP                    00000000 
           _IDATA_STACK_SIZE       00000040 
           ?PBANK                  00000093 
           _NR_OF_VIRTUAL_REGISTERS
                                   00000008 
           _NR_OF_BANKS            00000007 
           _CODEBANK_END           0000FFFF 
           _CODEBANK_START         00008000 
           ?CBANK_MASK             000000FF 
           ?CBANK                  0000009F        ?RESET_CODE_BANK (CSTARTUP)
                                                   Segment part 0 (?BANKED_CODE_SUPPORT)
           _FLASH_LOCK_BITS_END    0003FFFF 
           _FLASH_LOCK_BITS_START
                                   0003FFF0 
           _BANK7_END              0003FFFF 
           _BANK7_START            00038000 
           _BANK6_END              00037FFF 
           _BANK6_START            00030000 
           _BANK5_END              0002FFFF 
           _BANK5_START            00028000 
           _BANK4_END              00027FFF 
           _BANK4_START            00020000 
           _BANK3_END              0001FFFF 
           _BANK3_START            00018000 
           _BANK2_END              00017FFF 
           _BANK2_START            00010000 
           _BANK1_END              0000FFFF 
           _BANK1_START            00008000 
           _BANK0_END              00007FFF 
           _BANK0_START            00000000 
           ?VB                     00000020        ?BANKED_ENTER_XDATA (?BANKED_ENTER_XDATA)
                                                   ?BANKED_LEAVE_XDATA (?BANKED_LEAVE_XDATA)
                                                   ?INTERRUPT_ENTER_XSP (?INTERRUPT_ENTER_XSP)
                                                   ?INTERRUPT_LEAVE_XSP (?INTERRUPT_LEAVE_XSP)
                                                   _medium_write (?mediumwr)
           _BREG_START             00000000 
           _REGISTER_BANK_START    00000000 
           ?REGISTER_BANK          00000000        Segment part 6 (CSTARTUP)
           _FIRST_BANK_ADDR        00010000 
           _NEAR_CODE_START        00000000 
           _XDATA0_END             00001EFF 
           _XDATA0_START           00000001 
           _IXDATA0_END            00001EFF 
           _IXDATA0_START          00000001 
           _PDATA0_END             00001EFF 
           _PDATA0_START           00001E00 
           _IDATA0_END             000000FF 
           _IDATA0_START           00000000 
    *************************************************************************

  FILE NAME : D:\Ñ§Ï°\¾ºÈü\2022µÍÌ¼\swreV0\swre\swreÔ­°æ\swre\ide\srf05_cc2530\iar\temp\per_test\adc.r51
  PROGRAM MODULE, NAME : adc

  SEGMENTS IN THE MODULE
  ======================
SFR_AN
  Relative segment, address: DATA 00000080 - 00000080 (0x1 bytes), align: 0
  Segment part 1. ROOT        Intra module refs:   halBoardInit
                                                   halLcdInit
                                                   halLedSet
                                                   halLedToggle
                                                   lcdControl
                                                   lcdWrite
                                                   lcdWriteMany
           ENTRY                   ADDRESS         REF BY
           =====                   =======         ======
           _A_P0                   00000080 
           LOCAL                   ADDRESS         
           =====                   =======         
           P0                      00000080 
    -------------------------------------------------------------------------
SFR_AN
  Relative segment, address: DATA 00000086 - 00000086 (0x1 bytes), align: 0
  Segment part 2. ROOT        Intra module refs:   initUART
           ENTRY                   ADDRESS         REF BY
           =====                   =======         ======
           U0CSR                   00000086 
    -------------------------------------------------------------------------
SFR_AN
  Relative segment, address: DATA 00000089 - 00000089 (0x1 bytes), align: 0
  Segment part 3. ROOT        Intra module refs:   port0_ISR
           ENTRY                   ADDRESS         REF BY
           =====                   =======         ======
           P0IFG                   00000089 
    -------------------------------------------------------------------------
SFR_AN
  Relative segment, address: DATA 0000008A - 0000008A (0x1 bytes), align: 0
  Segment part 4. ROOT        Intra module refs:   port1_ISR
           ENTRY                   ADDRESS         REF BY
           =====                   =======         ======
           P1IFG                   0000008A 
    -------------------------------------------------------------------------
SFR_AN
  Relative segment, address: DATA 0000008B - 0000008B (0x1 bytes), align: 0
  Segment part 5. ROOT        Intra module refs:   port2_ISR
           ENTRY                   ADDRESS         REF BY
           =====                   =======         ======
           P2IFG                   0000008B 
    -------------------------------------------------------------------------
SFR_AN
  Relative segment, address: DATA 0000008F - 0000008F (0x1 bytes), align: 0
  Segment part 6. ROOT        Intra module refs:   halBoardInit
           ENTRY                   ADDRESS         REF BY
           =====                   =======         ======
           P0INP                   0000008F 
    -------------------------------------------------------------------------
SFR_AN
  Relative segment, address: DATA 00000090 - 00000090 (0x1 bytes), align: 0
  Segment part 7. ROOT        Intra module refs:   halBoardInit
                                                   halLcdInit
                                                   halLedSet
                                                   halLedToggle
                                                   lcdControl
                                                   lcdWrite
                                                   lcdWriteMany
           ENTRY                   ADDRESS         REF BY
           =====                   =======         ======
           _A_P1                   00000090 
           LOCAL                   ADDRESS         
           =====                   =======         
           P1                      00000090 
    -------------------------------------------------------------------------
SFR_AN
  Relative segment, address: DATA 00000091 - 00000091 (0x1 bytes), align: 0
  Segment part 8. ROOT        Intra module refs:   halRfTransmit
                                                   halRfWriteTxBuf
           ENTRY                   ADDRESS         REF BY
           =====                   =======         ======
           RFIRQF1                 00000091 
    -------------------------------------------------------------------------
SFR_AN
  Relative segment, address: DATA 0000009A - 0000009A (0x1 bytes), align: 0
  Segment part 9. ROOT        Intra module refs:   halRfDisableRxInterrupt
                                                   halRfEnableRxInterrupt
           ENTRY                   ADDRESS         REF BY
           =====                   =======         ======
           IEN2                    0000009A 
    -------------------------------------------------------------------------
SFR_AN
  Relative segment, address: DATA 0000009B - 0000009B (0x1 bytes), align: 0
  Segment part 10. ROOT       Intra module refs:   rfIsr
           ENTRY                   ADDRESS         REF BY
           =====                   =======         ======
           S1CON                   0000009B 
    -------------------------------------------------------------------------
SFR_AN
  Relative segment, address: DATA 0000009D - 0000009D (0x1 bytes), align: 0
  Segment part 11. ROOT       Intra module refs:   clockSetMainSrc
           ENTRY                   ADDRESS         REF BY
           =====                   =======         ======
           SLEEPSTA                0000009D 
    -------------------------------------------------------------------------
SFR_AN
  Relative segment, address: DATA 0000009E - 0000009E (0x1 bytes), align: 0
  Segment part 12. ROOT       Intra module refs:   clockSelect32k
                                                   clockSetMainSrc
                                                   halLcdSpiInit
           ENTRY                   ADDRESS         REF BY
           =====                   =======         ======
           CLKCONSTA               0000009E 
    -------------------------------------------------------------------------
SFR_AN
  Relative segment, address: DATA 000000A8 - 000000A8 (0x1 bytes), align: 0
  Segment part 13. ROOT       Intra module refs:   halIntOff
                                                   halIntOn
                                                   halRfRxInterruptConfig
                                                   halTimer32kIntConnect
                                                   rfIsr
           ENTRY                   ADDRESS         REF BY
           =====                   =======         ======
           _A_IEN0                 000000A8 
           LOCAL                   ADDRESS         
           =====                   =======         
           IEN0                    000000A8 
    -------------------------------------------------------------------------
SFR_AN
  Relative segment, address: DATA 000000AF - 000000AF (0x1 bytes), align: 0
  Segment part 14. ROOT       Intra module refs:   halTimer32kInit
           ENTRY                   ADDRESS         REF BY
           =====                   =======         ======
           T1STAT                  000000AF 
    -------------------------------------------------------------------------
SFR_AN
  Relative segment, address: DATA 000000B8 - 000000B8 (0x1 bytes), align: 0
  Segment part 15. ROOT       Intra module refs:   halTimer32kInit
           ENTRY                   ADDRESS         REF BY
           =====                   =======         ======
           _A_IEN1                 000000B8 
           LOCAL                   ADDRESS         
           =====                   =======         
           IEN1                    000000B8 
    -------------------------------------------------------------------------
SFR_AN
  Relative segment, address: DATA 000000BE - 000000BE (0x1 bytes), align: 0
  Segment part 16. ROOT       Intra module refs:   clockSetMainSrc
           ENTRY                   ADDRESS         REF BY
           =====                   =======         ======
           SLEEPCMD                000000BE 
    -------------------------------------------------------------------------
SFR_AN
  Relative segment, address: DATA 000000C0 - 000000C0 (0x1 bytes), align: 0
  Segment part 17. ROOT       Intra module refs:   port0_ISR
           ENTRY                   ADDRESS         REF BY
           =====                   =======         ======
           _A_IRCON                000000C0 
           LOCAL                   ADDRESS         
           =====                   =======         
           IRCON                   000000C0 
    -------------------------------------------------------------------------
SFR_AN
  Relative segment, address: DATA 000000C1 - 000000C1 (0x1 bytes), align: 0
  Segment part 18. ROOT       Intra module refs:   UartTX_Send_String
           ENTRY                   ADDRESS         REF BY
           =====                   =======         ======
           U0DBUF                  000000C1 
    -------------------------------------------------------------------------
SFR_AN
  Relative segment, address: DATA 000000C2 - 000000C2 (0x1 bytes), align: 0
  Segment part 19. ROOT       Intra module refs:   initUART
           ENTRY                   ADDRESS         REF BY
           =====                   =======         ======
           U0BAUD                  000000C2 
    -------------------------------------------------------------------------
SFR_AN
  Relative segment, address: DATA 000000C5 - 000000C5 (0x1 bytes), align: 0
  Segment part 20. ROOT       Intra module refs:   initUART
           ENTRY                   ADDRESS         REF BY
           =====                   =======         ======
           U0GCR                   000000C5 
    -------------------------------------------------------------------------
SFR_AN
  Relative segment, address: DATA 000000C6 - 000000C6 (0x1 bytes), align: 0
  Segment part 21. ROOT       Intra module refs:   clockSelect32k
                                                   clockSetMainSrc
           ENTRY                   ADDRESS         REF BY
           =====                   =======         ======
           CLKCONCMD               000000C6 
    -------------------------------------------------------------------------
SFR_AN
  Relative segment, address: DATA 000000D9 - 000000D9 (0x1 bytes), align: 0
  Segment part 22. ROOT       Intra module refs:   halRfReadRxBuf
                                                   halRfWriteTxBuf
           ENTRY                   ADDRESS         REF BY
           =====                   =======         ======
           RFD                     000000D9 
    -------------------------------------------------------------------------
SFR_AN
  Relative segment, address: DATA 000000DA - 000000DA (0x1 bytes), align: 0
  Segment part 23. ROOT       Intra module refs:   halTimer32kInit
           ENTRY                   ADDRESS         REF BY
           =====                   =======         ======
           T1CC0L                  000000DA 
    -------------------------------------------------------------------------
SFR_AN
  Relative segment, address: DATA 000000DB - 000000DB (0x1 bytes), align: 0
  Segment part 24. ROOT       Intra module refs:   halTimer32kInit
           ENTRY                   ADDRESS         REF BY
           =====                   =======         ======
           T1CC0H                  000000DB 
    -------------------------------------------------------------------------
SFR_AN
  Relative segment, address: DATA 000000E1 - 000000E1 (0x1 bytes), align: 0
  Segment part 25. ROOT       Intra module refs:   halRfReceiveOff
                                                   halRfReceiveOn
                                                   halRfTransmit
                                                   halRfWriteTxBuf
           ENTRY                   ADDRESS         REF BY
           =====                   =======         ======
           RFST                    000000E1 
    -------------------------------------------------------------------------
SFR_AN
  Relative segment, address: DATA 000000E4 - 000000E4 (0x1 bytes), align: 0
  Segment part 26. ROOT       Intra module refs:   halTimer32kInit
           ENTRY                   ADDRESS         REF BY
           =====                   =======         ======
           T1CTL                   000000E4 
    -------------------------------------------------------------------------
SFR_AN
  Relative segment, address: DATA 000000E5 - 000000E5 (0x1 bytes), align: 0
  Segment part 27. ROOT       Intra module refs:   halTimer32kInit
           ENTRY                   ADDRESS         REF BY
           =====                   =======         ======
           T1CCTL0                 000000E5 
    -------------------------------------------------------------------------
SFR_AN
  Relative segment, address: DATA 000000E8 - 000000E8 (0x1 bytes), align: 0
  Segment part 28. ROOT       Intra module refs:   UartTX_Send_String
                                                   initUART
                                                   port1_ISR
                                                   port2_ISR
           ENTRY                   ADDRESS         REF BY
           =====                   =======         ======
           _A_IRCON2               000000E8 
           LOCAL                   ADDRESS         
           =====                   =======         
           IRCON2                  000000E8 
    -------------------------------------------------------------------------
SFR_AN
  Relative segment, address: DATA 000000E9 - 000000E9 (0x1 bytes), align: 0
  Segment part 29. ROOT       Intra module refs:   rfIsr
           ENTRY                   ADDRESS         REF BY
           =====                   =======         ======
           RFIRQF0                 000000E9 
    -------------------------------------------------------------------------
SFR_AN
  Relative segment, address: DATA 000000F1 - 000000F1 (0x1 bytes), align: 0
  Segment part 30. ROOT       Intra module refs:   halLcdSpiInit
                                                   initUART
           ENTRY                   ADDRESS         REF BY
           =====                   =======         ======
           PERCFG                  000000F1 
    -------------------------------------------------------------------------
SFR_AN
  Relative segment, address: DATA 000000F3 - 000000F3 (0x1 bytes), align: 0
  Segment part 31. ROOT       Intra module refs:   halBoardInit
                                                   halLcdInit
                                                   initUART
           ENTRY                   ADDRESS         REF BY
           =====                   =======         ======
           P0SEL                   000000F3 
    -------------------------------------------------------------------------
SFR_AN
  Relative segment, address: DATA 000000F4 - 000000F4 (0x1 bytes), align: 0
  Segment part 32. ROOT       Intra module refs:   halLcdInit
                                                   halLcdSpiInit
           ENTRY                   ADDRESS         REF BY
           =====                   =======         ======
           P1SEL                   000000F4 
    -------------------------------------------------------------------------
SFR_AN
  Relative segment, address: DATA 000000F5 - 000000F5 (0x1 bytes), align: 0
  Segment part 33. ROOT       Intra module refs:   halBoardInit
           ENTRY                   ADDRESS         REF BY
           =====                   =======         ======
           P2SEL                   000000F5 
    -------------------------------------------------------------------------
SFR_AN
  Relative segment, address: DATA 000000F7 - 000000F7 (0x1 bytes), align: 0
  Segment part 34. ROOT       Intra module refs:   halBoardInit
           ENTRY                   ADDRESS         REF BY
           =====                   =======         ======
           P2INP                   000000F7 
    -------------------------------------------------------------------------
SFR_AN
  Relative segment, address: DATA 000000F8 - 000000F8 (0x1 bytes), align: 0
  Segment part 35. ROOT       Intra module refs:   halLcdSpiInit
                                                   lcdControl
                                                   lcdWrite
                                                   lcdWriteMany
           ENTRY                   ADDRESS         REF BY
           =====                   =======         ======
           _A_U1CSR                000000F8 
           LOCAL                   ADDRESS         
           =====                   =======         
           U1CSR                   000000F8 
    -------------------------------------------------------------------------
SFR_AN
  Relative segment, address: DATA 000000F9 - 000000F9 (0x1 bytes), align: 0
  Segment part 36. ROOT       Intra module refs:   lcdControl
                                                   lcdWrite
                                                   lcdWriteMany
           ENTRY                   ADDRESS         REF BY
           =====                   =======         ======
           U1DBUF                  000000F9 
    -------------------------------------------------------------------------
SFR_AN
  Relative segment, address: DATA 000000FA - 000000FA (0x1 bytes), align: 0
  Segment part 37. ROOT       Intra module refs:   halLcdSpiInit
           ENTRY                   ADDRESS         REF BY
           =====                   =======         ======
           U1BAUD                  000000FA 
    -------------------------------------------------------------------------
SFR_AN
  Relative segment, address: DATA 000000FB - 000000FB (0x1 bytes), align: 0
  Segment part 38. ROOT       Intra module refs:   halLcdSpiInit
           ENTRY                   ADDRESS         REF BY
           =====                   =======         ======
           U1UCR                   000000FB 
    -------------------------------------------------------------------------
SFR_AN
  Relative segment, address: DATA 000000FC - 000000FC (0x1 bytes), align: 0
  Segment part 39. ROOT       Intra module refs:   halLcdSpiInit
           ENTRY                   ADDRESS         REF BY
           =====                   =======         ======
           U1GCR                   000000FC 
    -------------------------------------------------------------------------
SFR_AN
  Relative segment, address: DATA 000000FD - 000000FD (0x1 bytes), align: 0
  Segment part 40. ROOT       Intra module refs:   halBoardInit
                                                   halLcdInit
                                                   initUART
           ENTRY                   ADDRESS         REF BY
           =====                   =======         ======
           P0DIR                   000000FD 
    -------------------------------------------------------------------------
SFR_AN
  Relative segment, address: DATA 000000FE - 000000FE (0x1 bytes), align: 0
  Segment part 41. ROOT       Intra module refs:   halBoardInit
                                                   halLcdInit
                                                   initUART
           ENTRY                   ADDRESS         REF BY
           =====                   =======         ======
           P1DIR                   000000FE 
    -------------------------------------------------------------------------
SFR_AN
  Relative segment, address: DATA 000000FF - 000000FF (0x1 bytes), align: 0
  Segment part 42. ROOT       Intra module refs:   halBoardInit
                                                   initUART
           ENTRY                   ADDRESS         REF BY
           =====                   =======         ======
           P2DIR                   000000FF 
    -------------------------------------------------------------------------
XDATA_I
  Relative segment, address: XDATA 00000258 - 00000297 (0x40 bytes), align: 0
  Segment part 53.            Intra module refs:   appReceiver
    -------------------------------------------------------------------------
XDATA_I
  Relative segment, address: XDATA 00000298 - 000002A5 (0xe bytes), align: 0
  Segment part 55.            Intra module refs:   appReceiver
    -------------------------------------------------------------------------
XDATA_I
  Relative segment, address: XDATA 000002A6 - 000002A9 (0x4 bytes), align: 0
  Segment part 57.            Intra module refs:   appReceiver
    -------------------------------------------------------------------------
XDATA_I
  Relative segment, address: XDATA 000002AA - 000002B4 (0xb bytes), align: 0
  Segment part 59.            Intra module refs:   main
    -------------------------------------------------------------------------
XDATA_I
  Relative segment, address: XDATA 000002B5 - 000002B9 (0x5 bytes), align: 0
  Segment part 61.            Intra module refs:   utilChipIdToStr
    -------------------------------------------------------------------------
XDATA_I
  Relative segment, address: XDATA 000002BA - 000002BE (0x5 bytes), align: 0
  Segment part 63.            Intra module refs:   utilChipIdToStr
    -------------------------------------------------------------------------
XDATA_I
  Relative segment, address: XDATA 000002BF - 000002C3 (0x5 bytes), align: 0
  Segment part 65.            Intra module refs:   utilChipIdToStr
    -------------------------------------------------------------------------
XDATA_I
  Relative segment, address: XDATA 000002C4 - 000002C8 (0x5 bytes), align: 0
  Segment part 67.            Intra module refs:   utilChipIdToStr
    -------------------------------------------------------------------------
XDATA_I
  Relative segment, address: XDATA 000002C9 - 000002CD (0x5 bytes), align: 0
  Segment part 69.            Intra module refs:   utilChipIdToStr
    -------------------------------------------------------------------------
XDATA_I
  Relative segment, address: XDATA 000002CE - 000002D2 (0x5 bytes), align: 0
  Segment part 71.            Intra module refs:   utilChipIdToStr
    -------------------------------------------------------------------------
XDATA_I
  Relative segment, address: XDATA 000002D3 - 000002D7 (0x5 bytes), align: 0
  Segment part 73.            Intra module refs:   utilChipIdToStr
    -------------------------------------------------------------------------
XDATA_I
  Relative segment, address: XDATA 000002D8 - 000002DC (0x5 bytes), align: 0
  Segment part 75.            Intra module refs:   utilChipIdToStr
    -------------------------------------------------------------------------
XDATA_I
  Relative segment, address: XDATA 000002DD - 000002E1 (0x5 bytes), align: 0
  Segment part 77.            Intra module refs:   utilChipIdToStr
    -------------------------------------------------------------------------
XDATA_I
  Relative segment, address: XDATA 000002E2 - 000002E6 (0x5 bytes), align: 0
  Segment part 79.            Intra module refs:   utilChipIdToStr
    -------------------------------------------------------------------------
XDATA_I
  Relative segment, address: XDATA 000002E7 - 000002EB (0x5 bytes), align: 0
  Segment part 81.            Intra module refs:   utilChipIdToStr
    -------------------------------------------------------------------------
XDATA_I
  Relative segment, address: XDATA 000002EC - 000002F9 (0xe bytes), align: 0
  Segment part 83.            Intra module refs:   utilPrintLogo
    -------------------------------------------------------------------------
XDATA_I
  Relative segment, address: XDATA 000002FA - 00000317 (0x1e bytes), align: 0
  Segment part 85.            Intra module refs:   utilPrintLogo
    -------------------------------------------------------------------------
XDATA_I
  Relative segment, address: XDATA 00000318 - 00000321 (0xa bytes), align: 0
  Segment part 87.            Intra module refs:   utilPrintLogo
    -------------------------------------------------------------------------
XDATA_I
  Relative segment, address: XDATA 00000322 - 0000032D (0xc bytes), align: 0
  Segment part 89.            Intra module refs:   basicRfInit
                                                   basicRfPacketIsReady
                                                   basicRfReceive
                                                   basicRfRxFrmDoneIsr
           LOCAL                   ADDRESS         
           =====                   =======         
           rxi                     00000322 
    -------------------------------------------------------------------------
XDATA_Z
  Relative segment, address: XDATA 00000101 - 00000107 (0x7 bytes), align: 0
  Segment part 91.            Intra module refs:   basicRfBuildHeader
                                                   basicRfInit
                                                   basicRfReceiveOff
                                                   basicRfReceiveOn
                                                   basicRfRxFrmDoneIsr
                                                   basicRfSendPacket
           LOCAL                   ADDRESS         
           =====                   =======         
           txState                 00000101 
    -------------------------------------------------------------------------
XDATA_Z
  Relative segment, address: XDATA 00000108 - 00000109 (0x2 bytes), align: 0
  Segment part 92.            Intra module refs:   basicRfBuildHeader
                                                   basicRfInit
                                                   basicRfSendPacket
           LOCAL                   ADDRESS         
           =====                   =======         
           pConfig                 00000108 
    -------------------------------------------------------------------------
XDATA_Z
  Relative segment, address: XDATA 0000010A - 0000017C (0x73 bytes), align: 0
  Segment part 93.            Intra module refs:   basicRfBuildMpdu
                                                   basicRfSendPacket
           LOCAL                   ADDRESS         
           =====                   =======         
           txMpdu                  0000010A 
    -------------------------------------------------------------------------
XDATA_Z
  Relative segment, address: XDATA 0000017D - 000001FC (0x80 bytes), align: 0
  Segment part 94.            Intra module refs:   basicRfRxFrmDoneIsr
           LOCAL                   ADDRESS         
           =====                   =======         
           rxMpdu                  0000017D 
    -------------------------------------------------------------------------
<BANKED_CODE> 1 (was BANKED_CODE)
  Relative segment, address: CODE 000009BD - 00000A87 (0xcb bytes), align: 0
  Segment part 119.           Intra module refs:   basicRfBuildHeader::?relay
           LOCAL                   ADDRESS         
           =====                   =======         
           basicRfBuildHeader      000009BD 
               XSTACK = 0000000E ( 0000000C )
               ISTACK = 00000000 ( 00000001 )
    -------------------------------------------------------------------------
<BANKED_CODE> 1 (was BANKED_CODE)
  Relative segment, address: CODE 00000A88 - 00000AE6 (0x5f bytes), align: 0
  Segment part 121.           Intra module refs:   basicRfBuildMpdu::?relay
           LOCAL                   ADDRESS         
           =====                   =======         
           basicRfBuildMpdu        00000A88 
               calls direct
               XSTACK = 0000000E ( 0000000E )
               ISTACK = 00000000 ( 00000001 )
    -------------------------------------------------------------------------
<BANKED_CODE> 1 (was BANKED_CODE)
  Relative segment, address: CODE 00000AE7 - 00000C1F (0x139 bytes), align: 0
  Segment part 123.           Intra module refs:   basicRfRxFrmDoneIsr::?relay
           LOCAL                   ADDRESS         
           =====                   =======         
           basicRfRxFrmDoneIsr     00000AE7 
               calls direct, is indirectly called
               XSTACK = 00000000 ( 0000000A )
    -------------------------------------------------------------------------
<BANKED_CODE> 1 (was BANKED_CODE)
  Relative segment, address: CODE 00000C20 - 00000CAE (0x8f bytes), align: 0
  Segment part 125.           Intra module refs:   basicRfInit::?relay
           ENTRY                   ADDRESS         REF BY
           =====                   =======         ======
           basicRfInit             00000C20 
               calls direct
               XSTACK = 0000007D ( 00000009 )
    -------------------------------------------------------------------------
<BANKED_CODE> 1 (was BANKED_CODE)
  Relative segment, address: CODE 00000CAF - 00000D43 (0x95 bytes), align: 0
  Segment part 127.           Intra module refs:   basicRfSendPacket::?relay
           ENTRY                   ADDRESS         REF BY
           =====                   =======         ======
           basicRfSendPacket       00000CAF 
               calls direct
               XSTACK = 00000014 ( 0000000E )
    -------------------------------------------------------------------------
<BANKED_CODE> 1 (was BANKED_CODE)
  Relative segment, address: CODE 00000D44 - 00000D53 (0x10 bytes), align: 0
  Segment part 129.           Intra module refs:   basicRfPacketIsReady::?relay
           ENTRY                   ADDRESS         REF BY
           =====                   =======         ======
           basicRfPacketIsReady    00000D44 
               XSTACK = 0000007D ( 00000000 )
               ISTACK = 00000000 ( 00000002 )
    -------------------------------------------------------------------------
<BANKED_CODE> 1 (was BANKED_CODE)
  Relative segment, address: CODE 00000D54 - 00000DCE (0x7b bytes), align: 0
  Segment part 131.           Intra module refs:   basicRfReceive::?relay
           ENTRY                   ADDRESS         REF BY
           =====                   =======         ======
           basicRfReceive          00000D54 
               calls direct
               XSTACK = 0000007D ( 00000010 )
    -------------------------------------------------------------------------
<BANKED_CODE> 1 (was BANKED_CODE)
  Relative segment, address: CODE 00000DCF - 00000DE2 (0x14 bytes), align: 0
  Segment part 133.           Intra module refs:   basicRfReceiveOn::?relay
           ENTRY                   ADDRESS         REF BY
           =====                   =======         ======
           basicRfReceiveOn        00000DCF 
               calls direct
               XSTACK = 0000007D ( 00000000 )
               ISTACK = 00000000 ( 00000002 )
    -------------------------------------------------------------------------
<BANKED_CODE> 1 (was BANKED_CODE)
  Relative segment, address: CODE 00000DE3 - 00000DF6 (0x14 bytes), align: 0
  Segment part 135.           Intra module refs:   basicRfReceiveOff::?relay
           ENTRY                   ADDRESS         REF BY
           =====                   =======         ======
           basicRfReceiveOff       00000DE3 
               calls direct
               XSTACK = 00000014 ( 00000000 )
               ISTACK = 00000000 ( 00000002 )
    -------------------------------------------------------------------------
<BANKED_CODE> 1 (was BANKED_CODE)
  Relative segment, address: CODE 00000DF7 - 00000E2A (0x34 bytes), align: 0
  Segment part 137.           Intra module refs:   clockSetMainSrc::?relay
           ENTRY                   ADDRESS         REF BY
           =====                   =======         ======
           clockSetMainSrc         00000DF7 
    -------------------------------------------------------------------------
<BANKED_CODE> 1 (was BANKED_CODE)
  Relative segment, address: CODE 00000E2B - 00000E53 (0x29 bytes), align: 0
  Segment part 139.           Intra module refs:   clockSelect32k::?relay
           ENTRY                   ADDRESS         REF BY
           =====                   =======         ======
           clockSelect32k          00000E2B 
    -------------------------------------------------------------------------
<BANKED_CODE> 1 (was BANKED_CODE)
  Relative segment, address: CODE 00000E54 - 00000E74 (0x21 bytes), align: 0
  Segment part 141.           Intra module refs:   halAssertHandler::?relay
           ENTRY                   ADDRESS         REF BY
           =====                   =======         ======
           halAssertHandler        00000E54 
               calls direct
               XSTACK = 0000007D ( 00000000 )
               ISTACK = 00000000 ( 00000002 )
    -------------------------------------------------------------------------
<BANKED_CODE> 1 (was BANKED_CODE)
  Relative segment, address: CODE 00000E75 - 00000EB4 (0x40 bytes), align: 0
  Segment part 143.           Intra module refs:   halBoardInit::?relay
           ENTRY                   ADDRESS         REF BY
           =====                   =======         ======
           halBoardInit            00000E75 
               calls direct
               ISTACK = 00000000 ( 00000002 )
    -------------------------------------------------------------------------
<BANKED_CODE> 1 (was BANKED_CODE)
  Relative segment, address: CODE 00000EB5 - 00000EDB (0x27 bytes), align: 0
  Segment part 145.           Intra module refs:   halLcdSpiInit::?relay
           ENTRY                   ADDRESS         REF BY
           =====                   =======         ======
           halLcdSpiInit           00000EB5 
    -------------------------------------------------------------------------
XDATA_Z
  Relative segment, address: XDATA 000001FD - 0000020C (0x10 bytes), align: 0
  Segment part 95.            Intra module refs:   port0_ISR
           LOCAL                   ADDRESS         
           =====                   =======         
           port0_isr_tbl           000001FD 
    -------------------------------------------------------------------------
XDATA_Z
  Relative segment, address: XDATA 0000020D - 0000021C (0x10 bytes), align: 0
  Segment part 96.            Intra module refs:   port1_ISR
           LOCAL                   ADDRESS         
           =====                   =======         
           port1_isr_tbl           0000020D 
    -------------------------------------------------------------------------
XDATA_Z
  Relative segment, address: XDATA 0000021D - 00000226 (0xa bytes), align: 0
  Segment part 97.            Intra module refs:   port2_ISR
           LOCAL                   ADDRESS         
           =====                   =======         
           port2_isr_tbl           0000021D 
    -------------------------------------------------------------------------
NEAR_CODE
  Relative segment, address: CODE 000007AC - 0000083A (0x8f bytes), align: 0
  Segment part 245.           Intra module refs:   port0_ISR::??INTVEC 107
           ENTRY                   ADDRESS         REF BY
           =====                   =======         ======
           port0_ISR               000007AC 
               interrupt function
               XSTACK = 00000000 ( 0000000F )
    -------------------------------------------------------------------------
NEAR_CODE
  Relative segment, address: CODE 0000083B - 000008C9 (0x8f bytes), align: 0
  Segment part 246.           Intra module refs:   port1_ISR::??INTVEC 123
           ENTRY                   ADDRESS         REF BY
           =====                   =======         ======
           port1_ISR               0000083B 
               interrupt function
               XSTACK = 00000000 ( 0000000F )
    -------------------------------------------------------------------------
NEAR_CODE
  Relative segment, address: CODE 000008CA - 00000958 (0x8f bytes), align: 0
  Segment part 247.           Intra module refs:   port2_ISR::??INTVEC 51
           ENTRY                   ADDRESS         REF BY
           =====                   =======         ======
           port2_ISR               000008CA 
               interrupt function
               XSTACK = 00000000 ( 0000000F )
    -------------------------------------------------------------------------
<BANKED_CODE> 1 (was BANKED_CODE)
  Relative segment, address: CODE 00000EDC - 00000EE0 (0x5 bytes), align: 0
  Segment part 147.           Intra module refs:   halIntOn::?relay
           ENTRY                   ADDRESS         REF BY
           =====                   =======         ======
           halIntOn                00000EDC 
               XSTACK = 0000000E ( 00000000 )
    -------------------------------------------------------------------------
<BANKED_CODE> 1 (was BANKED_CODE)
  Relative segment, address: CODE 00000EE1 - 00000EE5 (0x5 bytes), align: 0
  Segment part 149.           Intra module refs:   halIntOff::?relay
           ENTRY                   ADDRESS         REF BY
           =====                   =======         ======
           halIntOff               00000EE1 
               XSTACK = 0000000E ( 00000000 )
    -------------------------------------------------------------------------
XDATA_Z
  Relative segment, address: XDATA 00000227 - 00000236 (0x10 bytes), align: 0
  Segment part 98.            Intra module refs:   halLcdWriteLine
           LOCAL                   ADDRESS         
           =====                   =======         
           pLcdLineBuffer          00000227 
    -------------------------------------------------------------------------
<BANKED_CODE> 1 (was BANKED_CODE)
  Relative segment, address: CODE 00000EE6 - 00000EFA (0x15 bytes), align: 0
  Segment part 151.           Intra module refs:   lcdControl::?relay
           LOCAL                   ADDRESS         
           =====                   =======         
           lcdControl              00000EE6 
               XSTACK = 0000000A ( 00000000 )
    -------------------------------------------------------------------------
<BANKED_CODE> 1 (was BANKED_CODE)
  Relative segment, address: CODE 00000EFB - 00000F0F (0x15 bytes), align: 0
  Segment part 153.           Intra module refs:   lcdWrite::?relay
           LOCAL                   ADDRESS         
           =====                   =======         
           lcdWrite                00000EFB 
               XSTACK = 0000000A ( 00000000 )
    -------------------------------------------------------------------------
<BANKED_CODE> 1 (was BANKED_CODE)
  Relative segment, address: CODE 00000F10 - 00000F4C (0x3d bytes), align: 0
  Segment part 155.           Intra module refs:   lcdWriteMany::?relay
           LOCAL                   ADDRESS         
           =====                   =======         
           lcdWriteMany            00000F10 
               XSTACK = 00000009 ( 00000000 )
               ISTACK = 00000000 ( 00000002 )
    -------------------------------------------------------------------------
<BANKED_CODE> 1 (was BANKED_CODE)
  Relative segment, address: CODE 00000F4D - 00000F75 (0x29 bytes), align: 0
  Segment part 157.           Intra module refs:   lcdWriteLine::?relay
           LOCAL                   ADDRESS         
           =====                   =======         
           lcdWriteLine            00000F4D 
               calls direct
               XSTACK = 0000000A ( 00000009 )
    -------------------------------------------------------------------------
<BANKED_CODE> 1 (was BANKED_CODE)
  Relative segment, address: CODE 00000F76 - 00000FBB (0x46 bytes), align: 0
  Segment part 159.           Intra module refs:   halLcdInit::?relay
           ENTRY                   ADDRESS         REF BY
           =====                   =======         ======
           halLcdInit              00000F76 
               calls direct
               ISTACK = 00000000 ( 00000002 )
    -------------------------------------------------------------------------
<BANKED_CODE> 1 (was BANKED_CODE)
  Relative segment, address: CODE 00000FBC - 00000FDA (0x1f bytes), align: 0
  Segment part 161.           Intra module refs:   halLcdClear::?relay
           ENTRY                   ADDRESS         REF BY
           =====                   =======         ======
           halLcdClear             00000FBC 
               calls direct
               XSTACK = 00000000 ( 00000009 )
    -------------------------------------------------------------------------
<BANKED_CODE> 1 (was BANKED_CODE)
  Relative segment, address: CODE 00000FDB - 00000FF0 (0x16 bytes), align: 0
  Segment part 163.           Intra module refs:   halLcdSetContrast::?relay
           ENTRY                   ADDRESS         REF BY
           =====                   =======         ======
           halLcdSetContrast       00000FDB 
               calls direct
               XSTACK = 00000000 ( 00000009 )
    -------------------------------------------------------------------------
<BANKED_CODE> 1 (was BANKED_CODE)
  Relative segment, address: CODE 00000FF1 - 00000FF5 (0x5 bytes), align: 0
  Segment part 165.           Intra module refs:   halLcdGetLineLength::?relay
           ENTRY                   ADDRESS         REF BY
           =====                   =======         ======
           halLcdGetLineLength     00000FF1 
               XSTACK = 0000003C ( 00000000 )
    -------------------------------------------------------------------------
<BANKED_CODE> 1 (was BANKED_CODE)
  Relative segment, address: CODE 00000FF6 - 0000105D (0x68 bytes), align: 0
  Segment part 167.           Intra module refs:   halLcdWriteLine::?relay
           ENTRY                   ADDRESS         REF BY
           =====                   =======         ======
           halLcdWriteLine         00000FF6 
               calls direct
               XSTACK = 0000003C ( 0000000A )
               ISTACK = 00000000 ( 00000001 )
    -------------------------------------------------------------------------
<BANKED_CODE> 1 (was BANKED_CODE)
  Relative segment, address: CODE 0000105E - 0000107C (0x1f bytes), align: 0
  Segment part 169.           Intra module refs:   halLcdClearAllSpecChars::?relay
           ENTRY                   ADDRESS         REF BY
           =====                   =======         ======
           halLcdClearAllSpecChars
                                   0000105E 
               calls direct
               XSTACK = 00000000 ( 00000009 )
    -------------------------------------------------------------------------
<BANKED_CODE> 1 (was BANKED_CODE)
  Relative segment, address: CODE 0000107D - 000010B9 (0x3d bytes), align: 0
  Segment part 171.           Intra module refs:   halLcdCreateSpecChar::?relay
           ENTRY                   ADDRESS         REF BY
           =====                   =======         ======
           halLcdCreateSpecChar    0000107D 
               calls direct
               XSTACK = 0000003C ( 0000000A )
    -------------------------------------------------------------------------
<BANKED_CODE> 1 (was BANKED_CODE)
  Relative segment, address: CODE 000010BA - 000010DD (0x24 bytes), align: 0
  Segment part 173.           Intra module refs:   halLcdWriteSpecChar::?relay
           ENTRY                   ADDRESS         REF BY
           =====                   =======         ======
           halLcdWriteSpecChar     000010BA 
               calls direct
               XSTACK = 0000003C ( 00000009 )
    -------------------------------------------------------------------------
XDATA_Z
  Relative segment, address: XDATA 00000237 - 00000237 (0x1 bytes), align: 0
  Segment part 99.            Intra module refs:   halLedSet
                                                   halLedToggle
           ENTRY                   ADDRESS         REF BY
           =====                   =======         ======
           led4State               00000237 
    -------------------------------------------------------------------------
<BANKED_CODE> 1 (was BANKED_CODE)
  Relative segment, address: CODE 000010DE - 0000110B (0x2e bytes), align: 0
  Segment part 175.           Intra module refs:   halLedSet::?relay
           ENTRY                   ADDRESS         REF BY
           =====                   =======         ======
           halLedSet               000010DE 
               ISTACK = 00000000 ( 00000002 )
    -------------------------------------------------------------------------
<BANKED_CODE> 1 (was BANKED_CODE)
  Relative segment, address: CODE 0000110C - 0000113E (0x33 bytes), align: 0
  Segment part 177.           Intra module refs:   halLedToggle::?relay
           ENTRY                   ADDRESS         REF BY
           =====                   =======         ======
           halLedToggle            0000110C 
               XSTACK = 0000007D ( 00000000 )
               ISTACK = 00000000 ( 00000002 )
    -------------------------------------------------------------------------
<BANKED_CODE> 1 (was BANKED_CODE)
  Relative segment, address: CODE 0000113F - 00001166 (0x28 bytes), align: 0
  Segment part 179.           Intra module refs:   halMcuInit::?relay
           ENTRY                   ADDRESS         REF BY
           =====                   =======         ======
           halMcuInit              0000113F 
               calls direct
               ISTACK = 00000000 ( 00000002 )
    -------------------------------------------------------------------------
<BANKED_CODE> 1 (was BANKED_CODE)
  Relative segment, address: CODE 00001167 - 00001193 (0x2d bytes), align: 0
  Segment part 181.           Intra module refs:   halMcuWaitUs::?relay
           ENTRY                   ADDRESS         REF BY
           =====                   =======         ======
           halMcuWaitUs            00001167 
               XSTACK = 0000000E ( 00000000 )
    -------------------------------------------------------------------------
<BANKED_CODE> 1 (was BANKED_CODE)
  Relative segment, address: CODE 00001194 - 000011BA (0x27 bytes), align: 0
  Segment part 183.           Intra module refs:   halMcuWaitMs::?relay
           ENTRY                   ADDRESS         REF BY
           =====                   =======         ======
           halMcuWaitMs            00001194 
               calls direct
               XSTACK = 00000014 ( 00000009 )
    -------------------------------------------------------------------------
XDATA_Z
  Relative segment, address: XDATA 00000238 - 00000239 (0x2 bytes), align: 0
  Segment part 100.           Intra module refs:   halRfRxInterruptConfig
                                                   rfIsr
           LOCAL                   ADDRESS         
           =====                   =======         
           pfISR                   00000238 
    -------------------------------------------------------------------------
XDATA_I
  Relative segment, address: XDATA 0000032E - 0000032E (0x1 bytes), align: 0
  Segment part 101.           Intra module refs:   halRfGetRssiOffset
           LOCAL                   ADDRESS         
           =====                   =======         
           rssiOffset              0000032E 
    -------------------------------------------------------------------------
<BANKED_CODE> 1 (was BANKED_CODE)
  Relative segment, address: CODE 000011BB - 000011E6 (0x2c bytes), align: 0
  Segment part 185.           Intra module refs:   halRfInit::?relay
           ENTRY                   ADDRESS         REF BY
           =====                   =======         ======
           halRfInit               000011BB 
               calls direct
               XSTACK = 00000009 ( 00000000 )
               ISTACK = 00000000 ( 00000002 )
    -------------------------------------------------------------------------
<BANKED_CODE> 1 (was BANKED_CODE)
  Relative segment, address: CODE 000011E7 - 000011F6 (0x10 bytes), align: 0
  Segment part 187.           Intra module refs:   halRfGetChipId::?relay
           ENTRY                   ADDRESS         REF BY
           =====                   =======         ======
           halRfGetChipId          000011E7 
               XSTACK = 0000003C ( 00000000 )
               ISTACK = 00000000 ( 00000002 )
    -------------------------------------------------------------------------
<BANKED_CODE> 1 (was BANKED_CODE)
  Relative segment, address: CODE 000011F7 - 00001209 (0x13 bytes), align: 0
  Segment part 189.           Intra module refs:   halRfGetChipVer::?relay
           ENTRY                   ADDRESS         REF BY
           =====                   =======         ======
           halRfGetChipVer         000011F7 
               XSTACK = 0000003C ( 00000000 )
               ISTACK = 00000000 ( 00000002 )
    -------------------------------------------------------------------------
<BANKED_CODE> 1 (was BANKED_CODE)
  Relative segment, address: CODE 0000120A - 00001219 (0x10 bytes), align: 0
  Segment part 191.           Intra module refs:   halRfGetRssiOffset::?relay
           ENTRY                   ADDRESS         REF BY
           =====                   =======         ======
           halRfGetRssiOffset      0000120A 
               XSTACK = 0000000E ( 00000000 )
               ISTACK = 00000000 ( 00000002 )
    -------------------------------------------------------------------------
<BANKED_CODE> 1 (was BANKED_CODE)
  Relative segment, address: CODE 0000121A - 0000122F (0x16 bytes), align: 0
  Segment part 193.           Intra module refs:   halRfSetChannel::?relay
           ENTRY                   ADDRESS         REF BY
           =====                   =======         ======
           halRfSetChannel         0000121A 
               XSTACK = 00000009 ( 00000000 )
               ISTACK = 00000000 ( 00000002 )
    -------------------------------------------------------------------------
<BANKED_CODE> 1 (was BANKED_CODE)
  Relative segment, address: CODE 00001230 - 0000124B (0x1c bytes), align: 0
  Segment part 195.           Intra module refs:   halRfSetShortAddr::?relay
           ENTRY                   ADDRESS         REF BY
           =====                   =======         ======
           halRfSetShortAddr       00001230 
               XSTACK = 00000009 ( 00000000 )
               ISTACK = 00000000 ( 00000002 )
    -------------------------------------------------------------------------
<BANKED_CODE> 1 (was BANKED_CODE)
  Relative segment, address: CODE 0000124C - 00001267 (0x1c bytes), align: 0
  Segment part 197.           Intra module refs:   halRfSetPanId::?relay
           ENTRY                   ADDRESS         REF BY
           =====                   =======         ======
           halRfSetPanId           0000124C 
               XSTACK = 00000009 ( 00000000 )
               ISTACK = 00000000 ( 00000002 )
    -------------------------------------------------------------------------
<BANKED_CODE> 1 (was BANKED_CODE)
  Relative segment, address: CODE 00001268 - 00001296 (0x2f bytes), align: 0
  Segment part 199.           Intra module refs:   halRfSetTxPower::?relay
           ENTRY                   ADDRESS         REF BY
           =====                   =======         ======
           halRfSetTxPower         00001268 
               XSTACK = 00000014 ( 00000000 )
               ISTACK = 00000000 ( 00000002 )
    -------------------------------------------------------------------------
<BANKED_CODE> 1 (was BANKED_CODE)
  Relative segment, address: CODE 00001297 - 000012C0 (0x2a bytes), align: 0
  Segment part 201.           Intra module refs:   halRfWriteTxBuf::?relay
           ENTRY                   ADDRESS         REF BY
           =====                   =======         ======
           halRfWriteTxBuf         00001297 
               XSTACK = 0000000E ( 00000000 )
               ISTACK = 00000000 ( 00000002 )
    -------------------------------------------------------------------------
<BANKED_CODE> 1 (was BANKED_CODE)
  Relative segment, address: CODE 000012C1 - 000012E5 (0x25 bytes), align: 0
  Segment part 203.           Intra module refs:   halRfReadRxBuf::?relay
           ENTRY                   ADDRESS         REF BY
           =====                   =======         ======
           halRfReadRxBuf          000012C1 
               XSTACK = 0000000A ( 00000000 )
               ISTACK = 00000000 ( 00000003 )
    -------------------------------------------------------------------------
<BANKED_CODE> 1 (was BANKED_CODE)
  Relative segment, address: CODE 000012E6 - 000012F6 (0x11 bytes), align: 0
  Segment part 205.           Intra module refs:   halRfTransmit::?relay
           ENTRY                   ADDRESS         REF BY
           =====                   =======         ======
           halRfTransmit           000012E6 
               XSTACK = 0000000E ( 00000000 )
    -------------------------------------------------------------------------
<BANKED_CODE> 1 (was BANKED_CODE)
  Relative segment, address: CODE 000012F7 - 000012FF (0x9 bytes), align: 0
  Segment part 207.           Intra module refs:   halRfReceiveOn::?relay
           ENTRY                   ADDRESS         REF BY
           =====                   =======         ======
           halRfReceiveOn          000012F7 
               XSTACK = 0000000E ( 00000000 )
    -------------------------------------------------------------------------
<BANKED_CODE> 1 (was BANKED_CODE)
  Relative segment, address: CODE 00001300 - 00001308 (0x9 bytes), align: 0
  Segment part 209.           Intra module refs:   halRfReceiveOff::?relay
           ENTRY                   ADDRESS         REF BY
           =====                   =======         ======
           halRfReceiveOff         00001300 
               XSTACK = 0000000E ( 00000000 )
    -------------------------------------------------------------------------
<BANKED_CODE> 1 (was BANKED_CODE)
  Relative segment, address: CODE 00001309 - 0000131D (0x15 bytes), align: 0
  Segment part 211.           Intra module refs:   halRfDisableRxInterrupt::?relay
           ENTRY                   ADDRESS         REF BY
           =====                   =======         ======
           halRfDisableRxInterrupt
                                   00001309 
               XSTACK = 0000000E ( 00000000 )
               ISTACK = 00000000 ( 00000002 )
    -------------------------------------------------------------------------
<BANKED_CODE> 1 (was BANKED_CODE)
  Relative segment, address: CODE 0000131E - 00001332 (0x15 bytes), align: 0
  Segment part 213.           Intra module refs:   halRfEnableRxInterrupt::?relay
           ENTRY                   ADDRESS         REF BY
           =====                   =======         ======
           halRfEnableRxInterrupt
                                   0000131E 
               XSTACK = 0000000E ( 00000000 )
               ISTACK = 00000000 ( 00000002 )
    -------------------------------------------------------------------------
<BANKED_CODE> 1 (was BANKED_CODE)
  Relative segment, address: CODE 00001333 - 00001351 (0x1f bytes), align: 0
  Segment part 215.           Intra module refs:   halRfRxInterruptConfig::?relay
           ENTRY                   ADDRESS         REF BY
           =====                   =======         ======
           halRfRxInterruptConfig
                                   00001333 
               XSTACK = 00000009 ( 00000000 )
               ISTACK = 00000000 ( 00000002 )
    -------------------------------------------------------------------------
<BANKED_CODE> 1 (was BANKED_CODE)
  Relative segment, address: CODE 00001352 - 00001364 (0x13 bytes), align: 0
  Segment part 217.           Intra module refs:   halRfWaitTransceiverReady::?relay
           ENTRY                   ADDRESS         REF BY
           =====                   =======         ======
           halRfWaitTransceiverReady
                                   00001352 
               XSTACK = 0000000E ( 00000000 )
               ISTACK = 00000000 ( 00000002 )
    -------------------------------------------------------------------------
NEAR_CODE
  Relative segment, address: CODE 00000959 - 00000996 (0x3e bytes), align: 0
  Segment part 248.           Intra module refs:   rfIsr::??INTVEC 131
           ENTRY                   ADDRESS         REF BY
           =====                   =======         ======
           rfIsr                   00000959 
               interrupt function
               XSTACK = 00000000 ( 0000000E )
    -------------------------------------------------------------------------
<BANKED_CODE> 1 (was BANKED_CODE)
  Relative segment, address: CODE 00001365 - 00001367 (0x3 bytes), align: 0
  Segment part 219.           Intra module refs:   halPaLnaInit::?relay
           LOCAL                   ADDRESS         
           =====                   =======         
           halPaLnaInit            00001365 
    -------------------------------------------------------------------------
XDATA_Z
  Relative segment, address: XDATA 0000023A - 0000023B (0x2 bytes), align: 0
  Segment part 103.           Intra module refs:   T1_ISR
                                                   halTimer32kIntConnect
           LOCAL                   ADDRESS         
           =====                   =======         
           fptr                    0000023A 
    -------------------------------------------------------------------------
<BANKED_CODE> 1 (was BANKED_CODE)
  Relative segment, address: CODE 00001368 - 000013BF (0x58 bytes), align: 0
  Segment part 221.           Intra module refs:   halTimer32kInit::?relay
           ENTRY                   ADDRESS         REF BY
           =====                   =======         ======
           halTimer32kInit         00001368 
               calls direct
               XSTACK = 00000009 ( 0000000A )
    -------------------------------------------------------------------------
<BANKED_CODE> 1 (was BANKED_CODE)
  Relative segment, address: CODE 000013C0 - 000013E4 (0x25 bytes), align: 0
  Segment part 223.           Intra module refs:   halTimer32kIntConnect::?relay
           ENTRY                   ADDRESS         REF BY
           =====                   =======         ======
           halTimer32kIntConnect   000013C0 
               XSTACK = 00000009 ( 00000000 )
               ISTACK = 00000000 ( 00000002 )
    -------------------------------------------------------------------------
NEAR_CODE
  Relative segment, address: CODE 00000997 - 000009BC (0x26 bytes), align: 0
  Segment part 249.           Intra module refs:   T1_ISR::??INTVEC 75
           ENTRY                   ADDRESS         REF BY
           =====                   =======         ======
           T1_ISR                  00000997 
               interrupt function
               XSTACK = 00000000 ( 0000000E )
    -------------------------------------------------------------------------
XDATA_Z
  Relative segment, address: XDATA 0000023C - 00000241 (0x6 bytes), align: 0
  Segment part 104.           Intra module refs:   appReceiver
                                                   appTransmitter
                                                   main
           LOCAL                   ADDRESS         
           =====                   =======         
           basicRfConfig           0000023C 
    -------------------------------------------------------------------------
XDATA_Z
  Relative segment, address: XDATA 00000242 - 0000024B (0xa bytes), align: 0
  Segment part 105.           Intra module refs:   appTransmitter
           LOCAL                   ADDRESS         
           =====                   =======         
           txPacket                00000242 
    -------------------------------------------------------------------------
XDATA_Z
  Relative segment, address: XDATA 0000024C - 00000255 (0xa bytes), align: 0
  Segment part 106.           Intra module refs:   appReceiver
           LOCAL                   ADDRESS         
           =====                   =======         
           rxPacket                0000024C 
    -------------------------------------------------------------------------
XDATA_Z
  Relative segment, address: XDATA 00000256 - 00000256 (0x1 bytes), align: 0
  Segment part 107.           Intra module refs:   appTimerISR
                                                   appTransmitter
                                                   main
           LOCAL                   ADDRESS         
           =====                   =======         
           appState                00000256 
    -------------------------------------------------------------------------
XDATA_Z
  Relative segment, address: XDATA 00000257 - 00000257 (0x1 bytes), align: 0
  Segment part 108.           Intra module refs:   appTransmitter
                                                   main
           LOCAL                   ADDRESS         
           =====                   =======         
           appStarted              00000257 
[...]
  Relative segment, address: CODE 00002172 - 00002176 (0x5 bytes), align: 0
  Segment part 48.            Intra module refs:   _medium_write
    -------------------------------------------------------------------------
<BANKED_CODE> 1 (was BANKED_CODE)
  Relative segment, address: CODE 00002177 - 0000217F (0x9 bytes), align: 0
  Segment part 49.            Intra module refs:   Segment part 48
                                                   _medium_write
    -------------------------------------------------------------------------
<BANKED_CODE> 1 (was BANKED_CODE)
  Relative segment, address: CODE 00002180 - 00002183 (0x4 bytes), align: 0
  Segment part 50.            Intra module refs:   _medium_write
    -------------------------------------------------------------------------
<BANKED_CODE> 1 (was BANKED_CODE)
  Relative segment, address: CODE 00002184 - 00002184 (0x1 bytes), align: 0
  Segment part 51.            Intra module refs:   Segment part 50
                                                   _medium_write
    -------------------------------------------------------------------------
<BANKED_CODE> 1 (was BANKED_CODE)
  Relative segment, address: CODE 00002185 - 0000218A (0x6 bytes), align: 0
  Segment part 52.            Intra module refs:   Segment part 51
                                                   _medium_write
    -------------------------------------------------------------------------
<BANKED_CODE> 1 (was BANKED_CODE)
  Relative segment, address: CODE 0000218B - 00002190 (0x6 bytes), align: 0
  Segment part 53.            Intra module refs:   Segment part 52
                                                   _medium_write
    -------------------------------------------------------------------------
<BANKED_CODE> 1 (was BANKED_CODE)
  Relative segment, address: CODE 00002191 - 00002194 (0x4 bytes), align: 0
  Segment part 54.            Intra module refs:   _medium_write
    -------------------------------------------------------------------------
<BANKED_CODE> 1 (was BANKED_CODE)
  Relative segment, address: CODE 00002195 - 000021A3 (0xf bytes), align: 0
  Segment part 55.            Intra module refs:   Segment part 54
                                                   Segment part 56
    -------------------------------------------------------------------------
<BANKED_CODE> 1 (was BANKED_CODE)
  Relative segment, address: CODE 000021A4 - 000021A8 (0x5 bytes), align: 0
  Segment part 56.            Intra module refs:   _medium_write
    -------------------------------------------------------------------------
<BANKED_CODE> 1 (was BANKED_CODE)
  Relative segment, address: CODE 000021A9 - 000021AF (0x7 bytes), align: 0
  Segment part 57.            Intra module refs:   _medium_write
    -------------------------------------------------------------------------
<BANKED_CODE> 1 (was BANKED_CODE)
  Relative segment, address: CODE 000021B0 - 000021B6 (0x7 bytes), align: 0
  Segment part 58.            Intra module refs:   _medium_write
    -------------------------------------------------------------------------
<BANKED_CODE> 1 (was BANKED_CODE)
  Relative segment, address: CODE 000021B7 - 000021BA (0x4 bytes), align: 0
  Segment part 59.            Intra module refs:   _medium_write
    -------------------------------------------------------------------------
<BANKED_CODE> 1 (was BANKED_CODE)
  Relative segment, address: CODE 000021BB - 000021C5 (0xb bytes), align: 0
  Segment part 60.            Intra module refs:   Segment part 59
                                                   _medium_write
    -------------------------------------------------------------------------
<BANKED_CODE> 1 (was BANKED_CODE)
  Relative segment, address: CODE 000021C6 - 000021CF (0xa bytes), align: 0
  Segment part 61.            Intra module refs:   Segment part 44
                                                   Segment part 60
    -------------------------------------------------------------------------
<BANKED_CODE> 1 (was BANKED_CODE)
  Relative segment, address: CODE 000021D0 - 000021D8 (0x9 bytes), align: 0
  Segment part 62.            Intra module refs:   Segment part 61
                                                   _medium_write
    -------------------------------------------------------------------------
<BANKED_CODE> 1 (was BANKED_CODE)
  Relative segment, address: CODE 000021D9 - 000021E1 (0x9 bytes), align: 0
  Segment part 63.            Intra module refs:   Segment part 58
                                                   Segment part 60
    -------------------------------------------------------------------------
XDATA_ID
  Relative segment, address: CODE 00000202 - 00000212 (0x11 bytes), align: 0
  Segment part 7.             Intra module refs:   Segment part 6
    -------------------------------------------------------------------------
XDATA_ID
  Relative segment, address: CODE 00000213 - 00000221 (0xf bytes), align: 0
  Segment part 9.             Intra module refs:   Segment part 8
    -------------------------------------------------------------------------
XDATA_ID
  Relative segment, address: CODE 00000222 - 00000232 (0x11 bytes), align: 0
  Segment part 11.            Intra module refs:   Segment part 10
    -------------------------------------------------------------------------
XDATA_ID
  Relative segment, address: CODE 00000233 - 00000255 (0x23 bytes), align: 0
  Segment part 13.            Intra module refs:   Segment part 12
    -------------------------------------------------------------------------
XDATA_ID
  Relative segment, address: CODE 00000256 - 00000259 (0x4 bytes), align: 0
  Segment part 15.            Intra module refs:   Segment part 14
    -------------------------------------------------------------------------
XDATA_ID
  Relative segment, address: CODE 0000025A - 0000025D (0x4 bytes), align: 0
  Segment part 17.            Intra module refs:   __Constant_0
    -------------------------------------------------------------------------
BANK_RELAYS
  Relative segment, address: CODE 000003D2 - 000003D7 (0x6 bytes), align: 0
  Segment part 19.
           ENTRY                   ADDRESS         REF BY
           =====                   =======         ======
           _medium_write::?relay   000003D2        sprintf (?sprintf)
    -------------------------------------------------------------------------
XDATA_I
  Relative segment, address: XDATA 00000353 - 00000363 (0x11 bytes), align: 0
  Segment part 6.             Intra module refs:   _medium_write
    -------------------------------------------------------------------------
XDATA_I
  Relative segment, address: XDATA 00000364 - 00000372 (0xf bytes), align: 0
  Segment part 8.             Intra module refs:   _medium_write
    -------------------------------------------------------------------------
XDATA_I
  Relative segment, address: XDATA 00000373 - 00000383 (0x11 bytes), align: 0
  Segment part 10.            Intra module refs:   _medium_write
    -------------------------------------------------------------------------
XDATA_I
  Relative segment, address: XDATA 00000384 - 000003A6 (0x23 bytes), align: 0
  Segment part 12.            Intra module refs:   _medium_write
    -------------------------------------------------------------------------
XDATA_I
  Relative segment, address: XDATA 000003A7 - 000003AA (0x4 bytes), align: 0
  Segment part 14.            Intra module refs:   _medium_write
    -------------------------------------------------------------------------
XDATA_I
  Relative segment, address: XDATA 000003AB - 000003AE (0x4 bytes), align: 0
  Segment part 16.            Intra module refs:   _medium_write
           ENTRY                   ADDRESS         REF BY
           =====                   =======         ======
           __Constant_0            000003AB 

    -------------------------------------------------------------------------
  LIBRARY MODULE, NAME : ?memcpy

  SEGMENTS IN THE MODULE
  ======================
<BANKED_CODE> 1 (was BANKED_CODE)
  Relative segment, address: CODE 000022D2 - 00002317 (0x46 bytes), align: 0
  Segment part 6.             Intra module refs:   memcpy::?relay
           ENTRY                   ADDRESS         REF BY
           =====                   =======         ======
           memcpy                  000022D2 
               XSTACK = 00000002 ( 0000000A )
               ISTACK = 00000000 ( 00000001 )
    -------------------------------------------------------------------------
BANK_RELAYS
  Relative segment, address: CODE 000003D8 - 000003DD (0x6 bytes), align: 0
  Segment part 7.
           ENTRY                   ADDRESS         REF BY
           =====                   =======         ======
           memcpy::?relay          000003D8        basicRfReceive (adc)

    -------------------------------------------------------------------------
  LIBRARY MODULE, NAME : ?sprintf

  SEGMENTS IN THE MODULE
  ======================
<BANKED_CODE> 1 (was BANKED_CODE)
  Relative segment, address: CODE 000021E2 - 0000220B (0x2a bytes), align: 0
  Segment part 6.             Intra module refs:   put_c_in_string::?relay
           LOCAL                   ADDRESS         
           =====                   =======         
           put_c_in_string         000021E2 
               is indirectly called
               ISTACK = 00000000 ( 00000003 )
    -------------------------------------------------------------------------
<BANKED_CODE> 1 (was BANKED_CODE)
  Relative segment, address: CODE 0000220C - 0000226E (0x63 bytes), align: 0
  Segment part 8.             Intra module refs:   sprintf::?relay
           ENTRY                   ADDRESS         REF BY
           =====                   =======         ======
           sprintf                 0000220C 
               calls direct
               XSTACK = 00000000 ( 00000012 )
    -------------------------------------------------------------------------
<BANKED_CODE> 1 (was BANKED_CODE)
  Relative segment, address: CODE 0000226F - 00002277 (0x9 bytes), align: 0
  Segment part 10.            Intra module refs:   put_c_in_string
                                                   sprintf
    -------------------------------------------------------------------------
BANK_RELAYS
  Relative segment, address: CODE 000003DE - 000003E3 (0x6 bytes), align: 0
  Segment part 7.             Intra module refs:   sprintf
           LOCAL                   ADDRESS         
           =====                   =======         
           put_c_in_string::?relay
                                   000003DE 
    -------------------------------------------------------------------------
BANK_RELAYS
  Relative segment, address: CODE 000003E4 - 000003E9 (0x6 bytes), align: 0
  Segment part 9.
           ENTRY                   ADDRESS         REF BY
           =====                   =======         ======
           sprintf::?relay         000003E4        appReceiver (adc)

    -------------------------------------------------------------------------
  LIBRARY MODULE, NAME : ?strcat

  SEGMENTS IN THE MODULE
  ======================
<BANKED_CODE> 1 (was BANKED_CODE)
  Relative segment, address: CODE 00002318 - 0000234E (0x37 bytes), align: 0
  Segment part 6.             Intra module refs:   strcat::?relay
           ENTRY                   ADDRESS         REF BY
           =====                   =======         ======
           strcat                  00002318 
               XSTACK = 00000000 ( 00000009 )
               ISTACK = 00000000 ( 00000001 )
    -------------------------------------------------------------------------
BANK_RELAYS
  Relative segment, address: CODE 000003EA - 000003EF (0x6 bytes), align: 0
  Segment part 7.
           ENTRY                   ADDRESS         REF BY
           =====                   =======         ======
           strcat::?relay          000003EA        utilPrintLogo (adc)

    -------------------------------------------------------------------------
  LIBRARY MODULE, NAME : ?strlen

  SEGMENTS IN THE MODULE
  ======================
<BANKED_CODE> 1 (was BANKED_CODE)
  Relative segment, address: CODE 0000234F - 0000236C (0x1e bytes), align: 0
  Segment part 6.             Intra module refs:   strlen::?relay
           ENTRY                   ADDRESS         REF BY
           =====                   =======         ======
           strlen                  0000234F 
               ISTACK = 00000000 ( 00000002 )
    -------------------------------------------------------------------------
BANK_RELAYS
  Relative segment, address: CODE 000003F0 - 000003F5 (0x6 bytes), align: 0
  Segment part 7.
           ENTRY                   ADDRESS         REF BY
           =====                   =======         ======
           strlen::?relay          000003F0        utilPrintLogo (adc)

    -------------------------------------------------------------------------
  LIBRARY MODULE, NAME : ?strncpy

  SEGMENTS IN THE MODULE
  ======================
<BANKED_CODE> 1 (was BANKED_CODE)
  Relative segment, address: CODE 00002278 - 000022D1 (0x5a bytes), align: 0
  Segment part 6.             Intra module refs:   strncpy::?relay
           ENTRY                   ADDRESS         REF BY
           =====                   =======         ======
           strncpy                 00002278 
               XSTACK = 00000002 ( 0000000A )
               ISTACK = 00000000 ( 00000001 )
    -------------------------------------------------------------------------
BANK_RELAYS
  Relative segment, address: CODE 000003F6 - 000003FB (0x6 bytes), align: 0
  Segment part 7.
           ENTRY                   ADDRESS         REF BY
           =====                   =======         ======
           strncpy::?relay         000003F6        utilPrintLogo (adc)




                ****************************************
                *                                      *
                *            MODULE SUMMARY            *
                *                                      *
                ****************************************

Module                    CODE      DATA      XDATA  IDATA    BIT
------                    ----      ----      -----  -----    ---
                         (Rel)  (Rel)  (Abs)  (Rel)  (Rel)  (Rel)
?ADD_XSTACK_DISP8           27
?ALLOC_XSTACK8              22
?BANKED_CODE_SUPPORT        30
?BANKED_ENTER_XDATA        108
?BANKED_LEAVE_XDATA         70
?CALL_IND                    2
?DEALLOC_XSTACK8            27
?INTERRUPT_ENTER_XSP        95
?INTERRUPT_LEAVE_XSP        88
?L_ADD_TO_X                 19
?L_MOV_TO_X                 15
?L_MOV_X                    15
?L_NEG                      17
?MOVE_LONG8_XDATA_IDATA     13
?MOVE_LONG8_XDATA_XDATA     33
?PUSH_XSTACK8_X             45
?PUSH_XSTACK_I              17
?SL_GE_X                    38
?S_DIV_MOD                  89
?S_SHL                      19
?UL_DIV_MOD                111
?UL_GT_X                    16
?XLOAD_R4567                12
?XSTACK_DISP8               10
?XSTACK_DISP8_RP            24
?XSTORE_R4567               12
?cexit                       5
?cmain                      76
?mediumwr                2 638                   92
?memcpy                     76
?sprintf                   162
?strcat                     61
?strlen                     36
?strncpy                    96
CSTARTUP                    18
  + common                   3
VIRTUAL_REGISTERS                  10                           8
adc                      4 793            42    594
  + common                 134
N/A (command line)                  8           256     64
N/A (alignment)
----------               -----     --     --    ---     --      -
Total:                   8 935     18     42    942     64      8
  + common                 134


                ****************************************
                *                                      *
                *      SEGMENTS IN ADDRESS ORDER       *
                *                                      *
                ****************************************


SEGMENT              SPACE    START ADDRESS   END ADDRESS     SIZE  TYPE  ALIGN
=======              =====    =============   ===========     ====  ====  =====
INTVEC               CODE          00000000 - 00000085          86   com    0
CSTART               CODE          00000086 - 00000106          81   rel    0
IXDATA_ID            CODE               00000107                     dse    0
IDATA_ID             CODE               00000107                     dse    0
BDATA_ID             CODE               00000107                     dse    0
PDATA_ID             CODE               00000107                     dse    0
BIT_ID               CODE               00000107                     dse    0
DATA_ID              CODE               00000107                     dse    0
XDATA_ID             CODE          00000107 - 0000025D         157   rel    0
BANK_RELAYS          CODE          0000025E - 000003FB         19E   rel    0
RCODE                CODE          000003FC - 000007AB         3B0   rel    0
CODE_C               CODE               000007AC                     dse    0
DIFUNCT              CODE               000007AC                     dse    0
CODE_N               CODE               000007AC                     dse    0
NEAR_CODE            CODE          000007AC - 000009BC         211   rel    0
<BANKED_CODE> 1      CODE          000009BD - 0000236C        19B0   rel    0
REGISTERS            DATA          00000000 - 00000007           8   rel    0
VREG                 DATA          00000008 - 0000000F           8   rel    0
PSP                  DATA               00000010                     dse    0
XSP                  DATA          00000010 - 00000011           2   rel    0
BREG                 BIT        00000020.0  -  00000020.7        8   rel    0
SFR_AN               DATA          00000080 - 00000080           1   rel    0
                     DATA          00000086 - 00000086           1 
                     DATA          00000089 - 0000008B           3 
                     DATA          0000008F - 00000091           3 
                     DATA          0000009A - 0000009B           2 
                     DATA          0000009D - 0000009E           2 
                     DATA          000000A8 - 000000A8           1 
                     DATA          000000AF - 000000AF           1 
                     DATA          000000B8 - 000000B8           1 
                     DATA          000000BE - 000000BE           1 
                     DATA          000000C0 - 000000C2           3 
                     DATA          000000C5 - 000000C6           2 
                     DATA          000000D9 - 000000DB           3 
                     DATA          000000E1 - 000000E1           1 
                     DATA          000000E4 - 000000E5           2 
                     DATA          000000E8 - 000000E9           2 
                     DATA          000000F1 - 000000F1           1 
                     DATA          000000F3 - 000000F5           3 
                     DATA          000000F7 - 000000FF           9 
XSTACK               XDATA         00000001 - 00000100         100   rel    0
XDATA_Z              XDATA         00000101 - 00000257         157   rel    0
XDATA_I              XDATA         00000258 - 000003AE         157   rel    0
ISTACK               IDATA         000000C0 - 000000FF          40   rel    0

                ****************************************
                *                                      *
                *        END OF CROSS REFERENCE        *
                *                                      *
                ****************************************

 9 069 bytes of CODE  memory
    18 bytes of DATA  memory (+ 42 absolute )
   942 bytes of XDATA memory
    64 bytes of IDATA memory
     8 bits  of BIT   memory

Errors: none
Warnings: 1

